Archive member included to satisfy reference by file (symbol)

/home/steve/arm-gnu-toolchain-12.2.rel1-x86_64-arm-none-eabi/bin/../lib/gcc/arm-none-eabi/12.2.1/../../../../arm-none-eabi/lib/thumb/v7e-m+fp/hard/libc_nano.a(libc_a-memcpy-stub.o)
                              bin/driver.o (memcpy)
/home/steve/arm-gnu-toolchain-12.2.rel1-x86_64-arm-none-eabi/bin/../lib/gcc/arm-none-eabi/12.2.1/../../../../arm-none-eabi/lib/thumb/v7e-m+fp/hard/libc_nano.a(libc_a-memset.o)
                              bin/driver.o (memset)

Discarded input sections

 .debug_info    0x0000000000000000      0xafd bin/driver.o
 .debug_abbrev  0x0000000000000000      0x24e bin/driver.o
 .debug_loc     0x0000000000000000      0xcda bin/driver.o
 .debug_aranges
                0x0000000000000000       0x20 bin/driver.o
 .debug_ranges  0x0000000000000000       0x48 bin/driver.o
 .debug_macinfo
                0x0000000000000000    0xd5478 bin/driver.o
 .debug_line    0x0000000000000000     0x1441 bin/driver.o
 .debug_str     0x0000000000000000      0xa65 bin/driver.o
 .debug_frame   0x0000000000000000       0x40 bin/driver.o
 .debug_frame   0x0000000000000000       0x28 /home/steve/arm-gnu-toolchain-12.2.rel1-x86_64-arm-none-eabi/bin/../lib/gcc/arm-none-eabi/12.2.1/../../../../arm-none-eabi/lib/thumb/v7e-m+fp/hard/libc_nano.a(libc_a-memcpy-stub.o)
 .debug_frame   0x0000000000000000       0x20 /home/steve/arm-gnu-toolchain-12.2.rel1-x86_64-arm-none-eabi/bin/../lib/gcc/arm-none-eabi/12.2.1/../../../../arm-none-eabi/lib/thumb/v7e-m+fp/hard/libc_nano.a(libc_a-memset.o)

Memory Configuration

Name             Origin             Length             Attributes
*default*        0x0000000000000000 0xffffffffffffffff

Linker script and memory map

LOAD /home/steve/arm-gnu-toolchain-12.2.rel1-x86_64-arm-none-eabi/bin/../lib/gcc/arm-none-eabi/12.2.1/../../../../arm-none-eabi/lib/thumb/v7e-m+fp/hard/libc_nano.a
LOAD /home/steve/arm-gnu-toolchain-12.2.rel1-x86_64-arm-none-eabi/bin/../lib/gcc/arm-none-eabi/12.2.1/../../../../arm-none-eabi/lib/thumb/v7e-m+fp/hard/libm.a
LOAD bin/driver.o
START GROUP
LOAD /home/steve/arm-gnu-toolchain-12.2.rel1-x86_64-arm-none-eabi/bin/../lib/gcc/arm-none-eabi/12.2.1/thumb/v7e-m+fp/hard/libgcc.a
LOAD /home/steve/arm-gnu-toolchain-12.2.rel1-x86_64-arm-none-eabi/bin/../lib/gcc/arm-none-eabi/12.2.1/../../../../arm-none-eabi/lib/thumb/v7e-m+fp/hard/libc_nano.a
END GROUP
START GROUP
LOAD /home/steve/arm-gnu-toolchain-12.2.rel1-x86_64-arm-none-eabi/bin/../lib/gcc/arm-none-eabi/12.2.1/thumb/v7e-m+fp/hard/libgcc.a
LOAD /home/steve/arm-gnu-toolchain-12.2.rel1-x86_64-arm-none-eabi/bin/../lib/gcc/arm-none-eabi/12.2.1/../../../../arm-none-eabi/lib/thumb/v7e-m+fp/hard/libc_nano.a
END GROUP

.text.emulate_ACEROM_cartridge
                0x0000000008020030      0x900
 *(.text.emulate_ACEROM_cartridge*)
 .text.emulate_ACEROM_cartridge
                0x0000000008020030      0x900 bin/driver.o
                0x0000000008020030                emulate_ACEROM_cartridge
OUTPUT(bin/driver.elf elf32-littlearm)
LOAD linker stubs

.glue_7         0x0000000008020930        0x0
 .glue_7        0x0000000008020930        0x0 linker stubs

.glue_7t        0x0000000008020930        0x0
 .glue_7t       0x0000000008020930        0x0 linker stubs

.vfp11_veneer   0x0000000008020930        0x0
 .vfp11_veneer  0x0000000008020930        0x0 linker stubs

.v4_bx          0x0000000008020930        0x0
 .v4_bx         0x0000000008020930        0x0 linker stubs

.text           0x0000000008020930        0x0
 .text          0x0000000008020930        0x0 bin/driver.o
 .text          0x0000000008020930        0x0 /home/steve/arm-gnu-toolchain-12.2.rel1-x86_64-arm-none-eabi/bin/../lib/gcc/arm-none-eabi/12.2.1/../../../../arm-none-eabi/lib/thumb/v7e-m+fp/hard/libc_nano.a(libc_a-memcpy-stub.o)
 .text          0x0000000008020930        0x0 /home/steve/arm-gnu-toolchain-12.2.rel1-x86_64-arm-none-eabi/bin/../lib/gcc/arm-none-eabi/12.2.1/../../../../arm-none-eabi/lib/thumb/v7e-m+fp/hard/libc_nano.a(libc_a-memset.o)

.iplt           0x0000000008020930        0x0
 .iplt          0x0000000008020930        0x0 bin/driver.o

.text.memcpy    0x0000000008020930       0x1c
 .text.memcpy   0x0000000008020930       0x1c /home/steve/arm-gnu-toolchain-12.2.rel1-x86_64-arm-none-eabi/bin/../lib/gcc/arm-none-eabi/12.2.1/../../../../arm-none-eabi/lib/thumb/v7e-m+fp/hard/libc_nano.a(libc_a-memcpy-stub.o)
                0x0000000008020930                memcpy

.text.memset    0x000000000802094c       0x10
 .text.memset   0x000000000802094c       0x10 /home/steve/arm-gnu-toolchain-12.2.rel1-x86_64-arm-none-eabi/bin/../lib/gcc/arm-none-eabi/12.2.1/../../../../arm-none-eabi/lib/thumb/v7e-m+fp/hard/libc_nano.a(libc_a-memset.o)
                0x000000000802094c                memset

.rodata.DATA_MODER
                0x000000000802095c        0x4
 .rodata.DATA_MODER
                0x000000000802095c        0x4 bin/driver.o
                0x000000000802095c                DATA_MODER

.rodata.DATA_ODR
                0x0000000008020960        0x4
 .rodata.DATA_ODR
                0x0000000008020960        0x4 bin/driver.o
                0x0000000008020960                DATA_ODR

.rodata.DATA_IDR
                0x0000000008020964        0x4
 .rodata.DATA_IDR
                0x0000000008020964        0x4 bin/driver.o
                0x0000000008020964                DATA_IDR

.rodata.ADDR_IDR
                0x0000000008020968        0x4
 .rodata.ADDR_IDR
                0x0000000008020968        0x4 bin/driver.o
                0x0000000008020968                ADDR_IDR

.rodata         0x000000000802096c       0x12
 .rodata        0x000000000802096c       0x12 bin/driver.o

.rel.dyn        0x0000000008020980        0x0
 .rel.iplt      0x0000000008020980        0x0 bin/driver.o

.data           0x000000000802097e        0x0
 .data          0x000000000802097e        0x0 bin/driver.o
 .data          0x000000000802097e        0x0 /home/steve/arm-gnu-toolchain-12.2.rel1-x86_64-arm-none-eabi/bin/../lib/gcc/arm-none-eabi/12.2.1/../../../../arm-none-eabi/lib/thumb/v7e-m+fp/hard/libc_nano.a(libc_a-memcpy-stub.o)
 .data          0x000000000802097e        0x0 /home/steve/arm-gnu-toolchain-12.2.rel1-x86_64-arm-none-eabi/bin/../lib/gcc/arm-none-eabi/12.2.1/../../../../arm-none-eabi/lib/thumb/v7e-m+fp/hard/libc_nano.a(libc_a-memset.o)

.igot.plt       0x0000000008020980        0x0
 .igot.plt      0x0000000008020980        0x0 bin/driver.o

.bss            0x000000000802097e        0x0
 .bss           0x000000000802097e        0x0 bin/driver.o
 .bss           0x000000000802097e        0x0 /home/steve/arm-gnu-toolchain-12.2.rel1-x86_64-arm-none-eabi/bin/../lib/gcc/arm-none-eabi/12.2.1/../../../../arm-none-eabi/lib/thumb/v7e-m+fp/hard/libc_nano.a(libc_a-memcpy-stub.o)
 .bss           0x000000000802097e        0x0 /home/steve/arm-gnu-toolchain-12.2.rel1-x86_64-arm-none-eabi/bin/../lib/gcc/arm-none-eabi/12.2.1/../../../../arm-none-eabi/lib/thumb/v7e-m+fp/hard/libc_nano.a(libc_a-memset.o)

.comment        0x0000000000000000       0x45
 .comment       0x0000000000000000       0x45 bin/driver.o
                                         0x46 (size before relaxing)

.ARM.attributes
                0x0000000000000000       0x34
 .ARM.attributes
                0x0000000000000000       0x34 bin/driver.o
 .ARM.attributes
                0x0000000000000034       0x34 /home/steve/arm-gnu-toolchain-12.2.rel1-x86_64-arm-none-eabi/bin/../lib/gcc/arm-none-eabi/12.2.1/../../../../arm-none-eabi/lib/thumb/v7e-m+fp/hard/libc_nano.a(libc_a-memcpy-stub.o)
 .ARM.attributes
                0x0000000000000068       0x34 /home/steve/arm-gnu-toolchain-12.2.rel1-x86_64-arm-none-eabi/bin/../lib/gcc/arm-none-eabi/12.2.1/../../../../arm-none-eabi/lib/thumb/v7e-m+fp/hard/libc_nano.a(libc_a-memset.o)
