Archive member included to satisfy reference by file (symbol)

/home/steve/arm-gnu-toolchain-12.2.rel1-x86_64-arm-none-eabi/bin/../lib/gcc/arm-none-eabi/12.2.1/../../../../arm-none-eabi/lib/thumb/v6-m/nofp/libg.a(libc_a-memcpy-stub.o)
                              main.o (memcpy)

Discarded input sections

 .text          0x0000000000000000        0x0 custom.o
 .data          0x0000000000000000        0x0 custom.o
 .bss           0x0000000000000000        0x0 custom.o
 .text          0x0000000000000000        0x0 main.o
 .text.checkwrap
                0x0000000000000000        0xc main.o
 .text          0x0000000000000000        0x0 /home/steve/arm-gnu-toolchain-12.2.rel1-x86_64-arm-none-eabi/bin/../lib/gcc/arm-none-eabi/12.2.1/../../../../arm-none-eabi/lib/thumb/v6-m/nofp/libg.a(libc_a-memcpy-stub.o)
 .data          0x0000000000000000        0x0 /home/steve/arm-gnu-toolchain-12.2.rel1-x86_64-arm-none-eabi/bin/../lib/gcc/arm-none-eabi/12.2.1/../../../../arm-none-eabi/lib/thumb/v6-m/nofp/libg.a(libc_a-memcpy-stub.o)
 .bss           0x0000000000000000        0x0 /home/steve/arm-gnu-toolchain-12.2.rel1-x86_64-arm-none-eabi/bin/../lib/gcc/arm-none-eabi/12.2.1/../../../../arm-none-eabi/lib/thumb/v6-m/nofp/libg.a(libc_a-memcpy-stub.o)

Memory Configuration

Name             Origin             Length             Attributes
boot             0x0000000020000c00 0x0000000000000080 xr
C_code           0x0000000020000c80 0x0000000000005400 xr
ram              0x0000000010001c00 0x0000000000000200
*default*        0x0000000000000000 0xffffffffffffffff

Linker script and memory map

LOAD custom.o
LOAD main.o
START GROUP
LOAD /home/steve/arm-gnu-toolchain-12.2.rel1-x86_64-arm-none-eabi/bin/../lib/gcc/arm-none-eabi/12.2.1/thumb/v6-m/nofp/libgcc.a
LOAD /home/steve/arm-gnu-toolchain-12.2.rel1-x86_64-arm-none-eabi/bin/../lib/gcc/arm-none-eabi/12.2.1/../../../../arm-none-eabi/lib/thumb/v6-m/nofp/libg.a
LOAD /home/steve/arm-gnu-toolchain-12.2.rel1-x86_64-arm-none-eabi/bin/../lib/gcc/arm-none-eabi/12.2.1/../../../../arm-none-eabi/lib/thumb/v6-m/nofp/libc.a
END GROUP
                0x0000000010001fdc                _stack_end = 0x10001fdc

.bootcode       0x0000000020000c00       0x50
                0x0000000020000c00                _sboot = .
 *(.boot)
 .boot          0x0000000020000c00       0x50 custom.o
                0x0000000020000c00                Custom
                0x0000000020000c50                . = ALIGN (0x4)
                0x0000000020000c50                _eboot = .

.text           0x0000000020000c80      0x750
                0x0000000020000c80                .stext = .
                0x0000000020000c80                . = ALIGN (0x4)
 *(.text)
 *(.text.*)
 .text.my_memcpy
                0x0000000020000c80       0x28 main.o
                0x0000000020000c80                my_memcpy
 .text.my_memset
                0x0000000020000ca8        0xe main.o
                0x0000000020000ca8                my_memset
 .text.reverse  0x0000000020000cb6       0x16 main.o
                0x0000000020000cb6                reverse
 .text.memscroll
                0x0000000020000ccc       0x26 main.o
                0x0000000020000ccc                memscroll
 *fill*         0x0000000020000cf2        0x2 
 .text.get32bitdff
                0x0000000020000cf4       0x1c main.o
                0x0000000020000cf4                get32bitdff
 .text.get32bitdf
                0x0000000020000d10       0x14 main.o
                0x0000000020000d10                get32bitdf
 .text.checkswap
                0x0000000020000d24       0x48 main.o
                0x0000000020000d24                checkswap
 .text.copynybble
                0x0000000020000d6c       0x5c main.o
                0x0000000020000d6c                copynybble
 .text.on_off_flip
                0x0000000020000dc8       0x40 main.o
                0x0000000020000dc8                on_off_flip
 .text.startup.main
                0x0000000020000e08      0x4f4 main.o
                0x0000000020000e08                main
 .text.memcpy   0x00000000200012fc       0x90 /home/steve/arm-gnu-toolchain-12.2.rel1-x86_64-arm-none-eabi/bin/../lib/gcc/arm-none-eabi/12.2.1/../../../../arm-none-eabi/lib/thumb/v6-m/nofp/libg.a(libc_a-memcpy-stub.o)
                0x00000000200012fc                memcpy
 *(.rodata)
 .rodata        0x000000002000138c       0x20 main.o
                0x000000002000138c                maskdata
 *(.rodata*)
 .rodata.str1.1
                0x00000000200013ac       0x21 main.o
                0x00000000200013d0                . = ALIGN (0x4)
 *fill*         0x00000000200013cd        0x3 
                0x00000000200013d0                _etext = .

.glue_7         0x00000000200013d0        0x0
 .glue_7        0x00000000200013d0        0x0 linker stubs

.glue_7t        0x00000000200013d0        0x0
 .glue_7t       0x00000000200013d0        0x0 linker stubs

.vfp11_veneer   0x00000000200013d0        0x0
 .vfp11_veneer  0x00000000200013d0        0x0 linker stubs

.v4_bx          0x00000000200013d0        0x0
 .v4_bx         0x00000000200013d0        0x0 linker stubs

.iplt           0x00000000200013d0        0x0
 .iplt          0x00000000200013d0        0x0 custom.o

.rel.dyn        0x00000000200013d0        0x0
 .rel.iplt      0x00000000200013d0        0x0 custom.o

.data           0x0000000010001c00       0x2c load address 0x00000000200013d0
                0x0000000010001c00                . = ALIGN (0x4)
                0x0000000010001c00                _sdata = .
 *(.data)
 .data          0x0000000010001c00       0x2c main.o
                0x0000000010001c00                RIOT
                0x0000000010001c04                queue
                0x0000000010001c08                flashdata
                0x0000000010001c0c                C_function
                0x0000000010001c10                fetcher_address_table
                0x0000000010001c14                myGfxIndex
                0x0000000010001c1e                spritesort
                0x0000000010001c28                queue_int
 *(.data.*)
                0x0000000010001c2c                . = ALIGN (0x4)
                0x0000000010001c2c                _edata = .

.igot.plt       0x0000000010001c2c        0x0 load address 0x00000000200013fc
 .igot.plt      0x0000000010001c2c        0x0 custom.o

.bss            0x0000000010001c2c       0x1c load address 0x00000000200013fc
                0x0000000010001c2c                . = ALIGN (0x4)
                0x0000000010001c2c                _sbss = .
 *(.bss)
 .bss           0x0000000010001c2c       0x1c main.o
                0x0000000010001c2c                mask
                0x0000000010001c30                fetcheraddr
                0x0000000010001c34                temp5
                0x0000000010001c38                pfpixel
                0x0000000010001c3c                maxsprites
                0x0000000010001c40                temp4
                0x0000000010001c44                count
 *(COMMON)
                0x0000000010001c48                . = ALIGN (0x4)
                0x0000000010001c48                _ebss = .
                0x0000000010001c48                end = .
OUTPUT(bin/custom2.elf elf32-littlearm)
LOAD linker stubs

.ARM.attributes
                0x0000000000000000       0x2d
 .ARM.attributes
                0x0000000000000000       0x1a custom.o
 .ARM.attributes
                0x000000000000001a       0x2b main.o
 .ARM.attributes
                0x0000000000000045       0x2c /home/steve/arm-gnu-toolchain-12.2.rel1-x86_64-arm-none-eabi/bin/../lib/gcc/arm-none-eabi/12.2.1/../../../../arm-none-eabi/lib/thumb/v6-m/nofp/libg.a(libc_a-memcpy-stub.o)

.comment        0x0000000000000000       0x45
 .comment       0x0000000000000000       0x45 main.o
                                         0x46 (size before relaxing)

.debug_info     0x0000000000000000      0x7e7
 .debug_info    0x0000000000000000      0x7e7 main.o

.debug_abbrev   0x0000000000000000      0x270
 .debug_abbrev  0x0000000000000000      0x270 main.o

.debug_loc      0x0000000000000000      0x445
 .debug_loc     0x0000000000000000      0x445 main.o

.debug_aranges  0x0000000000000000       0x70
 .debug_aranges
                0x0000000000000000       0x70 main.o

.debug_ranges   0x0000000000000000       0x60
 .debug_ranges  0x0000000000000000       0x60 main.o

.debug_macinfo  0x0000000000000000     0x30d4
 .debug_macinfo
                0x0000000000000000     0x30d4 main.o

.debug_line     0x0000000000000000      0x96e
 .debug_line    0x0000000000000000      0x96e main.o

.debug_str      0x0000000000000000      0x652
 .debug_str     0x0000000000000000      0x652 main.o
                                        0x671 (size before relaxing)

.debug_frame    0x0000000000000000      0x144
 .debug_frame   0x0000000000000000      0x114 main.o
 .debug_frame   0x0000000000000114       0x30 /home/steve/arm-gnu-toolchain-12.2.rel1-x86_64-arm-none-eabi/bin/../lib/gcc/arm-none-eabi/12.2.1/../../../../arm-none-eabi/lib/thumb/v6-m/nofp/libg.a(libc_a-memcpy-stub.o)
